............................................                             [100%]
44 passed in 8.72s
